
> rentongo-admin@0.1.0 build
> react-scripts build

Creating an optimized production build...
Failed to compile.

Module not found: Error: Can't resolve '../../services/user.service' in 'C:\Users\USER\OneDrive\Desktop\manyam\rentongo-admin\src\pages\users'


